###############################################################################
#
# IAR ANSI C/C++ Compiler V7.30.3.8024/W32 for ARM        24/Nov/2014  11:34:22
# Copyright 1999-2014 IAR Systems AB.
#
#    Cpu mode     =  thumb
#    Endian       =  little
#    Source file  =  D:\Mes Documents\ST32\Toolbox_TP1\main.c
#    Command line =  
#        "D:\Mes Documents\ST32\Toolbox_TP1\main.c" -D USE_STDPERIPH_DRIVER -D
#        STM32L1XX_XL -lcN "D:\Mes Documents\ST32\Toolbox_TP1\Debug\List\" -o
#        "D:\Mes Documents\ST32\Toolbox_TP1\Debug\Obj\" --no_cse --no_unroll
#        --no_inline --no_code_motion --no_tbaa --no_clustering --no_scheduling
#        --debug --endian=little --cpu=Cortex-M3 -e --fpu=None --dlib_config
#        "C:\Program Files (x86)\IAR Systems\Embedded Workbench
#        7.0_2\arm\INC\c\DLib_Config_Normal.h" -I "D:\Mes
#        Documents\ST32\Toolbox_TP1\Libraries\CMSIS\Device\ST\STM32L1xx\Include\"
#        -I "D:\Mes
#        Documents\ST32\Toolbox_TP1\Libraries\STM32L1xx_StdPeriph_Driver\inc\"
#        -I "D:\Mes
#        Documents\ST32\Toolbox_TP1\Libraries\STM32L1xx_StdPeriph_Driver\src\"
#        -I "D:\Mes Documents\ST32\Toolbox_TP1\Libraries\CMSIS\Include\" -I
#        "D:\Mes Documents\ST32\Toolbox_TP1\" -I "D:\Mes
#        Documents\ST32\Toolbox_TP1\Libraries\stm32l1xx_nucleo\" -Ol
#    List file    =  D:\Mes Documents\ST32\Toolbox_TP1\Debug\List\main.lst
#    Object file  =  D:\Mes Documents\ST32\Toolbox_TP1\Debug\Obj\main.o
#
###############################################################################

D:\Mes Documents\ST32\Toolbox_TP1\main.c
      1          #include "stm32l1xx_nucleo.h"
      2          
      3          
      4          int main()
      5          {
      6            
      7            int i, compte;
      8            for(i=0;i++;i<=9)
      9            {
     10              if(compte<9)
     11              {
     12                 compte = compte+1;
     13              }
     14              
     15              
     16            return 0;
     17          }
     18          }

   Maximum stack usage in bytes:

   .cstack Function
   ------- --------
       0   main


   Section sizes:

   Bytes  Function/Label
   -----  --------------
      24  main

 
 24 bytes in section .text
 
 24 bytes of CODE memory

Errors: none
Warnings: 1
